     Testing GridSim
      Status `C:\Users\boiko\AppData\Local\Temp\jl_NuFphC\Project.toml`
  [38540f10] CommonSolve v0.2.14
  [86223c79] Graphs v1.15.0
  [eb5af87e] GridSim v0.1.0 `W:\Claude_projects\GridSim`
  [87dc4568] HiGHS v1.26.0
  [4076af6c] JuMP v1.32.1
  [22e9dc34] NetworkDynamics v1.3.0
  [8913a72c] NonlinearSolve v4.32.0
  [510215fc] Observables v0.5.5
  [1dea7af3] OrdinaryDiffEq v7.8.1
  [0bca4576] SciMLBase v3.57.0
  [37e2e46d] LinearAlgebra v1.12.0
  [44cfe95a] Pkg v1.12.1
  [de0858da] Printf v1.11.0
  [2f01184e] SparseArrays v1.12.0
  [fa267f1f] TOML v1.0.3
  [8dfed614] Test v1.11.0
      Status `C:\Users\boiko\AppData\Local\Temp\jl_NuFphC\Manifest.toml`
  [47edcb42] ADTypes v1.24.0
  [14f7f29c] AMD v0.5.4
  [7d9f7c33] Accessors v0.1.45
  [79e6a3ab] Adapt v4.7.3
  [dce04be8] ArgCheck v2.5.0
  [ec485272] ArnoldiMethod v0.4.0
  [4fba245c] ArrayInterface v7.30.2
  [a9b6321e] Atomix v1.6.0
  [ab4f0b2a] BFloat16s v0.6.2
  [b2a6c25c] BinaryHeaps v1.1.0
  [62783981] BitTwiddlingConvenienceFunctions v0.1.6
  [70df07ce] BracketingNonlinearSolve v1.12.8
  [fa961155] CEnum v0.5.0
  [2a0fbf3d] CPUSummary v0.2.7
  [d360d2e6] ChainRulesCore v1.26.1
  [fb6a15b2] CloseOpenIntervals v0.1.13
  [523fee87] CodecBzip2 v0.8.5
  [944b1d66] CodecZlib v0.7.9
  [38540f10] CommonSolve v0.2.14
  [bbf7d656] CommonSubexpressions v0.3.1
  [f70d9fcc] CommonWorldInvalidations v1.2.2
  [34da2185] Compat v4.18.1
  [a33af91c] CompositionsBase v0.1.2
  [2569d6c7] ConcreteStructs v0.2.8
  [187b0558] ConstructionBase v1.6.0
  [adafc99b] CpuId v0.3.2
  [a8cc5b0e] Crayons v4.2.0
  [9a962f9c] DataAPI v1.16.0
  [864edb3b] DataStructures v0.19.6
  [e2d170a0] DataValueInterfaces v1.0.0
  [8bb1440f] DelimitedFiles v1.9.1
  [2b5f629d] DiffEqBase v7.21.3
  [459566f4] DiffEqCallbacks v4.19.4
  [163ba53b] DiffResults v1.1.0
  [b552c78f] DiffRules v1.16.0
  [a0c0ee7d] DifferentiationInterface v0.7.21
  [ffbed154] DocStringExtensions v0.9.5
  [4e289a0a] EnumX v1.0.7
  [f151be2c] EnzymeCore v0.8.22
  [e2ba6199] ExprTools v0.1.11
  [55351af7] ExproniconLite v0.10.14
  [7034ab61] FastBroadcast v1.4.0
  [9aa1b823] FastClosures v0.3.2
  [a4df4552] FastPower v1.5.0
  [1a297f60] FillArrays v1.17.1
  [64ca27bc] FindFirstFunctions v3.4.0
  [6a86dc24] FiniteDiff v2.33.0
  [f6369f11] ForwardDiff v1.4.6
  [069b7b12] FunctionWrappers v1.1.3
  [77dc65aa] FunctionWrappersWrappers v1.13.0
  [46192b85] GPUArraysCore v0.2.1
  [86223c79] Graphs v1.15.0
  [eb5af87e] GridSim v0.1.0 `W:\Claude_projects\GridSim`
  [076d061b] HashArrayMappedTries v0.2.0
  [87dc4568] HiGHS v1.26.0
  [e91730f6] Hungarian v0.7.0
  [615f187c] IfElse v0.1.1
  [d25df0c9] Inflate v0.1.5
  [3587e190] InverseFunctions v0.1.17
  [92d709cd] IrrationalConstants v0.2.6
  [82899510] IteratorInterfaceExtensions v1.0.0
  [692b3bcd] JLLWrappers v1.8.0
  [682c06a0] JSON v1.10.0
  [ae98c720] Jieko v0.2.1
  [4076af6c] JuMP v1.32.1
  [63c18a36] KernelAbstractions v0.9.44
  [ba0b0d4f] Krylov v0.10.10
  [2faa5264] LHLFactorization v2.2.2
  [929cbde3] LLVM v10.1.0
  [b964fa9f] LaTeXStrings v1.4.1
  [10f19ff3] LayoutPointers v0.1.17
  [87fe0de2] LineSearch v0.1.19
  [7ed4a6bd] LinearSolve v5.18.2
  [2ab3a3ac] LogExpFunctions v1.0.2
  [e6f89c97] LoggingExtras v1.2.0
  [1914dd2f] MacroTools v0.5.16
  [d125e4d3] ManualMemory v0.1.8
  [8c4f8055] MathOptIIS v0.2.0
  [b8f27783] MathOptInterface v1.54.0
  [bb5d69b7] MaybeInplace v0.1.8
  [2a8e4939] Mixers v0.1.2
  [2e0e35c7] Moshi v0.3.13
  [46d2c3a1] MuladdMacro v0.2.7
  [d8a4904e] MutableArithmetics v1.8.1
  [872c559c] NNlib v0.9.45
  [77ba4419] NaNMath v1.1.4
  [22e9dc34] NetworkDynamics v1.3.0
  [8913a72c] NonlinearSolve v4.32.0
  [be0214bd] NonlinearSolveBase v2.54.1
  [5959db7a] NonlinearSolveFirstOrder v2.10.0
  [9a2c21bd] NonlinearSolveQuasiNewton v1.15.3
  [26075421] NonlinearSolveSpectralMethods v1.8.3
  [510215fc] Observables v0.5.5
  [bac558e1] OrderedCollections v2.0.2
  [1dea7af3] OrdinaryDiffEq v7.8.1
  [6ad6398a] OrdinaryDiffEqBDF v2.4.12
  [bbf590c4] OrdinaryDiffEqCore v4.18.1
  [50262376] OrdinaryDiffEqDefault v2.6.2
  [4302a76b] OrdinaryDiffEqDifferentiation v3.12.4
  [127b3ac7] OrdinaryDiffEqNonlinearSolve v2.9.9
  [43230ef6] OrdinaryDiffEqRosenbrock v2.7.5
  [b4bd8bb3] OrdinaryDiffEqRosenbrockTableaus v2.4.2
  [2d112036] OrdinaryDiffEqSDIRK v2.9.7
  [b1df2697] OrdinaryDiffEqTsit5 v2.1.5
  [79d7bb75] OrdinaryDiffEqVerner v2.4.2
  [69de0a69] Parsers v3.0.0
  [f517fe37] Polyester v0.7.19
  [1d0040c9] PolyesterWeave v0.2.2
  [d236fae5] PreallocationTools v1.7.1
  [aea7be01] PrecompileTools v1.3.4
  [21216c6a] Preferences v1.6.0
  [08abe8d2] PrettyTables v3.5.0
  [0c0d3e7f] PureKLU v1.6.0
  [3cdcf5f2] RecipesBase v1.4.0
  [731186ca] RecursiveArrayTools v4.5.3
  [189a3867] Reexport v1.2.2
  [ae029012] Requires v1.3.1
  [9fe22ead] RespecializeParams v1.3.0
  [7e49a35a] RuntimeGeneratedFunctions v0.5.27
  [94e857df] SIMDTypes v0.1.0
  [0bca4576] SciMLBase v3.57.0
  [19f34311] SciMLJacobianOperators v0.1.19
  [a6db7da4] SciMLLogging v2.1.0
  [c0aeaf25] SciMLOperators v1.30.2
  [431bcebd] SciMLPublic v1.3.0
  [53ae85a6] SciMLStructures v1.10.5
  [7e506255] ScopedValues v1.6.2
  [efcf1570] Setfield v1.1.2
  [727e6d20] SimpleNonlinearSolve v2.14.6
  [699a6c99] SimpleTraits v0.9.6
  [ed01d8cd] Sobol v1.5.0
  [a57abbd0] SparseColumnPivotedQR v2.1.8
  [9f842d2f] SparseConnectivityTracer v1.2.4
  [0a514795] SparseMatrixColorings v0.4.28
  [276daf66] SpecialFunctions v2.9.0
  [aedffcd0] Static v1.4.6
  [0d7ed370] StaticArrayInterface v1.10.0
  [90137ffa] StaticArrays v1.9.22
  [1e83bf80] StaticArraysCore v1.4.4
  [10745b16] Statistics v1.11.5
  [9672c7b4] SteadyStateDiffEq v2.18.0
  [7792a7ef] StrideArraysCore v0.5.9
  [892a3eda] StringManipulation v0.6.1
  [ec057cc2] StructUtils v2.9.2
  [2efcf032] SymbolicIndexingInterface v0.3.55
  [3783bdb8] TableTraits v1.0.1
  [bd369af6] Tables v1.14.0
  [8290d209] ThreadingUtilities v0.5.6
  [a759f4b9] TimerOutputs v1.2.2
  [3bb67fe8] TranscodingStreams v0.11.3
  [781d530d] TruncatedStacktraces v1.4.0
  [013be700] UnsafeAtomics v0.4.0
  [6e34b625] Bzip2_jll v1.0.9+0
  [8fd58aa0] HiGHS_jll v1.15.1+3
  [1d5cc7b8] IntelOpenMP_jll v2025.2.0+0
  [dad2f222] LLVMExtra_jll v0.0.51+0
  [856f044c] MKL_jll v2025.2.0+0
  [656ef2d0] OpenBLAS32_jll v0.3.34+0
  [efe28fd5] OpenSpecFun_jll v0.5.6+0
  [1317d2d5] oneTBB_jll v2022.3.0+0
  [0dad84c5] ArgTools v1.1.2
  [56f22d72] Artifacts v1.11.0
  [2a0f44e3] Base64 v1.11.0
  [ade2ca70] Dates v1.11.0
  [8ba89e20] Distributed v1.11.0
  [f43a241f] Downloads v1.7.0
  [7b1f6079] FileWatching v1.11.0
  [9fa8497b] Future v1.11.0
  [b77e0a4c] InteractiveUtils v1.11.0
  [ac6e5ff7] JuliaSyntaxHighlighting v1.12.0
  [4af54fe1] LazyArtifacts v1.11.0
  [b27032c2] LibCURL v0.6.4
  [76f85450] LibGit2 v1.11.0
  [8f399da3] Libdl v1.11.0
  [37e2e46d] LinearAlgebra v1.12.0
  [56ddb016] Logging v1.11.0
  [d6f4376e] Markdown v1.11.0
  [a63ad114] Mmap v1.11.0
  [ca575930] NetworkOptions v1.3.0
  [44cfe95a] Pkg v1.12.1
  [de0858da] Printf v1.11.0
  [3fa0cd96] REPL v1.11.0
  [9a3f8284] Random v1.11.0
  [ea8e919c] SHA v0.7.0
  [9e88b42a] Serialization v1.11.0
  [6462fe0b] Sockets v1.11.0
  [2f01184e] SparseArrays v1.12.0
  [f489334b] StyledStrings v1.11.0
  [fa267f1f] TOML v1.0.3
  [a4e569a6] Tar v1.10.0
  [8dfed614] Test v1.11.0
  [cf7118a7] UUIDs v1.11.0
  [4ec0a83e] Unicode v1.11.0
  [e66e0078] CompilerSupportLibraries_jll v1.3.0+1
  [deac9b47] LibCURL_jll v8.15.0+0
  [e37daf67] LibGit2_jll v1.9.0+0
  [29816b5a] LibSSH2_jll v1.11.3+1
  [14a3606d] MozillaCACerts_jll v2025.11.4
  [4536629a] OpenBLAS_jll v0.3.29+0
  [05823500] OpenLibm_jll v0.8.7+0
  [458c3c95] OpenSSL_jll v3.5.4+0
  [bea87d4a] SuiteSparse_jll v7.8.3+2
  [83775a58] Zlib_jll v1.3.1+2
  [8e850b90] libblastrampoline_jll v5.15.0+0
  [8e850ede] nghttp2_jll v1.64.0+1
  [3f19e933] p7zip_jll v17.7.0+0
Precompiling for configuration --code-coverage=none --color=auto --check-bounds=yes --warn-overwrite=yes --depwarn=yes --inline=yes --startup-file=no --track-allocation=none
   8076.6 ms  ✓ GridSim
   8144.5 ms  ✓ GridSim → GridSimDispatchExt
  2 dependencies successfully precompiled in 19 seconds. 301 already precompiled.
     Testing Running tests...
┌ Warning: Verbosity toggle: dt_epsilon 
│  At t=9.999999999999831, dt was forced below floating point epsilon 1.7763568394002505e-15. Aborting. There is either an error in your model specification or the true solution is unstable (or it cannot be represented in Float64 precision).
└ @ DiffEqBase C:\Users\boiko\.julia\packages\DiffEqBase\2YsuI\src\check_error.jl:37
Test Summary:    | Pass  Total      Time
GridSim scaffold | 5453   5453  19m27.5s
     Testing GridSim tests passed 
